exports[`MarkdownMedia React component Renders correctly 1`] = `
<div
  className="markdownMedia">
  <img
    alt="Test"
    className="image border mw shadow"
    onClick={undefined}
    src="test.png"
    title={undefined} />
</div>
`;
