exports[`HTM School Page React component Renders correctly 1`] = `
<article>
  <section
    className="section"
    id={undefined}>
    <h1
      className="headline">
      HTM School
    </h1>
    <div
      className="article">
      <div
        className="columns">
        <div
          className="aside">
          <div
            className="narrow">
            <img
              alt="HTM School Logo"
              className="image mw"
              onClick={undefined}
              src="filename.ext"
              title={undefined} />
          </div>
        </div>
        <div
          className="content">
          <p
            className="paragraph lead">
            HTM School is a series of educational videos hosted by Numenta Open Source Community Flag-Bearer Matt Taylor. Watch these videos to see detailed visualizations of HTM systems running, and thoughtful breakdowns of the biological algorithms involved.
          </p>
          <p
            className="paragraph">
            This series was designed for a general audience to be viewed in order, but feel free to jump into any episode. There is no need to have a background in neuroscience, mathematics, or computer science to understand HTM Theory.
          </p>
          <blockquote
            className="blockquote">
            <p
              className="paragraph">
              “
              Please Subscribe to our 
              <a
                className="textlink"
                href="https://www.youtube.com/c/NumentaOrg"
                onClick={[Function]}
                target={undefined}>
                YouTube channel
              </a>
              to keep updated on new content.
              ”
            </p>
          </blockquote>
          <p
            className="paragraph">
            Read below for a description of the videos, and click the video icons on the right to watch!
          </p>
        </div>
      </div>
      <span
        className="anchor"
        id="overview" />
      <h2
        className="h2">
        Overview
      </h2>
      <div
        className="columns">
        <div
          className="aside">
          <div
            className="video">
            <img
              alt="Overview youtube video screenshot"
              className="image border mw shadow"
              onClick={[Function]}
              src="filename.ext"
              title={undefined} />
            <div
              className="caption">
              Video: 
              Overview
            </div>
            <noscript />
          </div>
        </div>
        <div
          className="content">
          <p
            className="paragraph">
            So you have no idea what HTM is? In this introductory episode of HTM School, Matt walks you through the high-level theory of Hierarchical Temporal Memory in less than 15 minutes. We believe that the mysteries of intelligence can be unlocked by studying biologically intelligent systems like the neocortex.
          </p>
          <p
            className="paragraph">
            For a longer and more technical introduction to HTM, here are a few further videos featuring Numenta\'s co-founder Jeff Hawkins:
          </p>
          <ul
            className="ul">
            <li
              className="li copy markerDisc">
              <a
                className="textlink"
                href="https://youtu.be/6ufPpZDmPKA"
                onClick={[Function]}
                target={undefined}>
                Principles of Hierarchical Temporal Memory (HTM)
              </a>
            </li>
            <li
              className="li copy markerDisc">
              <a
                className="textlink"
                href="https://youtu.be/izO2_mCvFaw"
                onClick={[Function]}
                target={undefined}>
                What the Brain says about Machine Intelligence
              </a>
            </li>
          </ul>
        </div>
      </div>
      <span
        className="anchor"
        id="sdrs" />
      <h2
        className="h2">
        SDRs
      </h2>
      <div
        className="columns">
        <div
          className="content">
          <p
            className="paragraph">
            <strong
              className="strong">
              Sparse Distributed Representations (SDRs)
            </strong>
            are a fundamental aspect of HTM systems. Before we talk about neurons and dendrites, we need to establish the communications medium of the brain. Each neuron could be connected to thousands of other neurons, and each of those synapses could activate at any time. In the brain, only about 2% of your neurons are in an active state right at any time. Watch the videos below to better understand why this is important, and why this type of medium lends the brain so much flexibility.
          </p>
        </div>
      </div>
      <span
        className="anchor"
        id="bit-arrays" />
      <h3
        className="h3">
        Bit Arrays
      </h3>
      <div
        className="columns">
        <div
          className="aside">
          <div
            className="video">
            <img
              alt="SDR Bit Arrays youtube video screenshot"
              className="image border mw shadow"
              onClick={[Function]}
              src="filename.ext"
              title={undefined} />
            <div
              className="caption">
              Video: 
              SDR Bit Arrays
            </div>
            <noscript />
          </div>
        </div>
        <div
          className="content">
          <p
            className="paragraph">
            An SDR is simply a list of bits, each bit being
            <code>
              0
            </code>
            or
            <code>
              1
            </code>
            . The brain performs a lot of binary operations on these long bit arrays as it is trying to predict future input. This episode introduces bit arrays and some basic binary operations like OR and AND. We will also introduce the idea of semantic data storage within SDRs.
          </p>
        </div>
      </div>
      <span
        className="anchor"
        id="capacity-and-comparison" />
      <h3
        className="h3">
        Capacity and Comparison
      </h3>
      <div
        className="columns">
        <div
          className="aside">
          <div
            className="video">
            <img
              alt="SDR Capacity and Comparison youtube video screenshot"
              className="image border mw shadow"
              onClick={[Function]}
              src="filename.ext"
              title={undefined} />
            <div
              className="caption">
              Video: 
              SDR Capacity and Comparison
            </div>
            <noscript />
          </div>
        </div>
        <div
          className="content">
          <p
            className="paragraph">
            In this episode, we talk about the massive amount of data that can be represented in typical SDR structures. We also show how different SDRs can be compared to identify how similar they are. Of particular interest is the
            <em>
              overlap score
            </em>
            between two SDRs as a measure of their similarity.
          </p>
        </div>
      </div>
      <span
        className="anchor"
        id="overlap-sets-and-sampling" />
      <h3
        className="h3">
        Overlap Sets and Sampling
      </h3>
      <div
        className="columns">
        <div
          className="aside">
          <div
            className="video">
            <img
              alt="SDR Overlap Sets and Sampling youtube video screenshot"
              className="image border mw shadow"
              onClick={[Function]}
              src="filename.ext"
              title={undefined} />
            <div
              className="caption">
              Video: 
              SDR Overlap Sets and Sampling
            </div>
            <noscript />
          </div>
        </div>
        <div
          className="content">
          <p
            className="paragraph">
            How many SDRs can be expressed in different input spaces? What are the chances of false positive collisions? What happens if we only compare a sample of the on bits in different SDRs? Believe it or not, HTM systems prove to be extremely fault-tolerant. This is expressed in this episode as Matt talks about sampling SDRs instead of storing every on bit.
          </p>
        </div>
      </div>
      <span
        className="anchor"
        id="sets-and-unions" />
      <h3
        className="h3">
        Sets and Unions
      </h3>
      <div
        className="columns">
        <div
          className="aside">
          <div
            className="video">
            <img
              alt="SDR Sets and Unions youtube video screenshot"
              className="image border mw shadow"
              onClick={[Function]}
              src="filename.ext"
              title={undefined} />
            <div
              className="caption">
              Video: 
              SDR Sets and Unions
            </div>
            <noscript />
          </div>
        </div>
        <div
          className="content">
          <p
            className="paragraph">
            We can collect sets of SDRs over time. As we see new SDRs, we can compare them to our sets using the binary comparison operations described earlier. Even in the presence of large amounts of noise, Matt shows how SDRs can still be dependably classified. If we squash the sets into unions, we can still tell if we’ve seen it before while performing exponentially fewer operations.
          </p>
        </div>
      </div>
      <span
        className="anchor"
        id="more-sdr-resources" />
      <h3
        className="h3">
        More SDR Resources
      </h3>
      <ul
        className="ul">
        <li
          className="li copy markerDisc">
          <a
            className="textlink"
            href="https://www.youtube.com/watch?v=iNMbsvK8Q8Y"
            onClick={[Function]}
            target={undefined}>
            Modeling Data Streams Using Sparse Distributed Representations
          </a>
        </li>
        <li
          className="li copy markerDisc">
          <a
            className="textlink"
            href="http://numenta.com/papers-videos-and-more/resources/sparse-distributed-representations/"
            onClick={[Function]}
            target={undefined}>
            Sparse Distributed Representations: Our Brain\'s Data Structure
          </a>
        </li>
        <li
          className="li copy markerDisc">
          <a
            className="textlink"
            href="http://arxiv.org/abs/1601.00720"
            onClick={[Function]}
            target={undefined}>
            How Do Neurons Operate on Sparse Distributed Representations? A Mathematical Theory of Sparsity, Neurons and Active Dendrites
          </a>
        </li>
        <li
          className="li copy markerDisc">
          <a
            className="textlink"
            href="http://arxiv.org/abs/1503.07469"
            onClick={[Function]}
            target={undefined}>
            Properties of Sparse Distributed Representations and their Application To Hierarchical Temporal Memory
          </a>
        </li>
      </ul>
      <span
        className="anchor"
        id="encoders" />
      <h2
        className="h2">
        Encoders
      </h2>
      <div
        className="columns">
        <div
          className="content">
          <p
            className="paragraph">
            Encoding real-world data into SDRs is a very important process to understand in HTM. Semantic meaning within the input data must be encoded into a binary representation. These videos show some examples of encoding data into binary arrays so they can be processed by the Spatial Pooler.
          </p>
        </div>
      </div>
      <span
        className="anchor"
        id="scalar-encoding" />
      <h3
        className="h3">
        Scalar Encoding
      </h3>
      <div
        className="columns">
        <div
          className="aside">
          <div
            className="video">
            <img
              alt="Scalar Encoding youtube video screenshot"
              className="image border mw shadow"
              onClick={[Function]}
              src="filename.ext"
              title={undefined} />
            <div
              className="caption">
              Video: 
              Scalar Encoding
            </div>
            <noscript />
          </div>
        </div>
        <div
          className="content">
          <p
            className="paragraph">
            So how can data be translated into Sparse Distributed Representations? In this episode, Matt introduces some encoding concepts and talks about encoding scalar values. These examples are very simple, but widely used in HTM systems.
          </p>
        </div>
      </div>
      <span
        className="anchor"
        id="datetime-encoding" />
      <h3
        className="h3">
        Datetime Encoding
      </h3>
      <div
        className="columns">
        <div
          className="aside">
          <div
            className="video">
            <img
              alt="Scalar Encoding youtube video screenshot"
              className="image border mw shadow"
              onClick={[Function]}
              src="filename.ext"
              title={undefined} />
            <div
              className="caption">
              Video: 
              Scalar Encoding
            </div>
            <noscript />
          </div>
        </div>
        <div
          className="content">
          <p
            className="paragraph">
            Now it\'s time to investigate datetime encoding, and explore how semantic information from the same data point can be encoded into one output SDR. After this episode, you might get some ideas about your own encoders.
          </p>
        </div>
      </div>
      <span
        className="anchor"
        id="more-encoder-resources" />
      <h3
        className="h3">
        More Encoder Resources
      </h3>
      <ul
        className="ul">
        <li
          className="li copy markerDisc">
          <a
            className="textlink"
            href="http://arxiv.org/abs/1602.05925"
            onClick={[Function]}
            target={undefined}>
            Encoding Data for HTM Systems
          </a>
        </li>
        <li
          className="li copy markerDisc">
          <a
            className="textlink"
            href="https://www.youtube.com/watch?v=KxxHo-FtKRo"
            onClick={[Function]}
            target={undefined}>
            Geospatial Coordinate Encoder
          </a>
        </li>
        <li
          className="li copy markerDisc">
          <a
            className="textlink"
            href="https://www.youtube.com/watch?v=_q5W2Ov6C9E"
            onClick={[Function]}
            target={undefined}>
            Random Distributed Scalar Encoder
          </a>
        </li>
        <li
          className="li copy markerDisc">
          <a
            className="textlink"
            href="https://www.youtube.com/watch?v=BCwOgbSSDM4"
            onClick={[Function]}
            target={undefined}>
            Beginner\'s Guide to NuPIC
          </a>
        </li>
      </ul>
      <span
        className="anchor"
        id="spatial-pooling" />
      <h2
        className="h2">
        Spatial Pooling
      </h2>
      <div
        className="columns">
        <div
          className="aside">
          <div
            className="icon">
            <svg
              fill="currentColor"
              height="1em"
              preserveAspectRatio="xMidYMid meet"
              style={
                Object {
                  "color": "inherit",
                  "verticalAlign": "middle",
                }
              }
              viewBox="0 0 40 40"
              width="1em">
              <g>
                <path
                  d="m29.4 8.8c-5.2-5.1-13.6-5.1-18.8 0-5.2 5.2-5.2 13.5 0 18.6l9.4 9.3 9.4-9.3c5.2-5.1 5.2-13.4 0-18.6z m-9.4 13.7c-1.1 0-2.2-0.4-2.9-1.2-1.7-1.6-1.7-4.3 0-5.9 0.7-0.8 1.8-1.2 2.9-1.2s2.2 0.4 2.9 1.2c1.7 1.6 1.7 4.3 0 5.9-0.7 0.8-1.8 1.2-2.9 1.2z" />
              </g>
            </svg>
          </div>
        </div>
        <div
          className="content">
          <p
            className="paragraph">
            The idea for the Spatial Pooler came from an observation in biology. The neocortex is composed of a hierarchy of regions. The feed-forward input to each region consists of millions of nerve axons which come from sensory organs and other regions. Most regions in the neocortex receive input from multiple sources; it is not uncommon for a region to receive input from six or more other regions. These inputs are generally mixed together, so a region doesn’t “know” where the inputs originated or what they represent. Confusing the picture, the number of input axons doesn’t correlate closely with the size of the region. For example, in humans there are about one million input axons projecting to the primary visual region (V1) of the neocortex. However, the areal size of V1 varies considerably in normal humans, reportedly by up to a factor of three! How can a region process inputs from many different sources without any prior knowledge of what these inputs represent, how many input bits there will be, and what spatial patterns may exist in the input?
          </p>
        </div>
      </div>
      <span
        className="anchor"
        id="input-space-and-connections" />
      <h3
        className="h3">
        Input Space and Connections
      </h3>
      <div
        className="columns">
        <div
          className="aside">
          <div
            className="video">
            <img
              alt="Scalar Encoding youtube video screenshot"
              className="image border mw shadow"
              onClick={[Function]}
              src="filename.ext"
              title={undefined} />
            <div
              className="caption">
              Video: 
              Scalar Encoding
            </div>
            <noscript />
          </div>
        </div>
        <div
          className="content">
          <p
            className="paragraph">
            In this episode, Matt introduces SP with respect to the input space of a spatial pooler, and how it randomly creates connections to the input space.
          </p>
        </div>
      </div>
      <span
        className="anchor"
        id="learning" />
      <h3
        className="h3">
        Learning
      </h3>
      <div
        className="columns">
        <div
          className="aside">
          <div
            className="video">
            <img
              alt="Scalar Encoding youtube video screenshot"
              className="image border mw shadow"
              onClick={[Function]}
              src="filename.ext"
              title={undefined} />
            <div
              className="caption">
              Video: 
              Scalar Encoding
            </div>
            <noscript />
          </div>
        </div>
        <div
          className="content">
          <p
            className="paragraph">
            In this episode of HTM School, we talk about how each column in the Spatial Pooler learns to represent different spatial characteristics in the input space.
          </p>
        </div>
      </div>
      <span
        className="anchor"
        id="boosting-and-inhibition" />
      <h3
        className="h3">
        Boosting and Inhibition
      </h3>
      <div
        className="columns">
        <div
          className="aside">
          <div
            className="video">
            <img
              alt="Scalar Encoding youtube video screenshot"
              className="image border mw shadow"
              onClick={[Function]}
              src="filename.ext"
              title={undefined} />
            <div
              className="caption">
              Video: 
              Scalar Encoding
            </div>
            <noscript />
          </div>
        </div>
        <div
          className="content">
          <p
            className="paragraph">
            Learn about boosting and inhibition in this episode of HTM School with Matt Taylor.
          </p>
        </div>
      </div>
      <span
        className="anchor"
        id="temporal-memory" />
      <h2
        className="h2">
        Temporal Memory
      </h2>
      <div
        className="columns">
        <div
          className="aside">
          <div
            className="icon">
            <svg
              fill="currentColor"
              height="1em"
              preserveAspectRatio="xMidYMid meet"
              style={
                Object {
                  "color": "inherit",
                  "verticalAlign": "middle",
                }
              }
              viewBox="0 0 40 40"
              width="1em">
              <g>
                <path
                  d="m17.3 30.7c4.4-4.3 11-10.7 11-10.7s-6.6-6.4-11-10.7c-0.6-0.6-1.4-1-2.3-1-1.8 0-3.3 1.5-3.3 3.4v16.6c0 1.9 1.5 3.4 3.3 3.4 0.9 0 1.7-0.4 2.3-1z" />
              </g>
            </svg>
          </div>
        </div>
        <div
          className="content">
          <p
            className="paragraph">
            Coming Soon.
          </p>
        </div>
      </div>
    </div>
  </section>
</article>
`;
