exports[`Papers Page React component Renders correctly 1`] = `
<article
  className="papers">
  <section
    className="section"
    id={undefined}>
    <h1
      className="headline">
      Research Papers
    </h1>
    <div
      className="article">
      <ol
        className="ol" />
    </div>
  </section>
</article>
`;
