exports[`NextSection React component Renders correctly 1`] = `
<div
  className="nextSection">
  <strong
    className="strong">
    Next:
  </strong>
   
   
  <a
    className="textlink"
    onClick={[Function]}
    style={Object {}}
    target={undefined}>
    Mission & History
     
    <svg
      fill="currentColor"
      height="1em"
      preserveAspectRatio="xMidYMid meet"
      style={
        Object {
          "color": undefined,
          "verticalAlign": "middle",
        }
      }
      viewBox="0 0 40 40"
      width="1em">
      <g>
        <path
          d="m26.4 20q0 0.6-0.5 1l-10 10q-0.4 0.4-1 0.4t-1-0.4-0.4-1v-20q0-0.6 0.4-1t1-0.4 1 0.4l10 10q0.5 0.4 0.5 1z" />
      </g>
    </svg>
  </a>
</div>
`;
