exports[`Spacer React component Renders correctly 1`] = `
<span
  className="spacer">
  â€¢
</span>
`;
