exports[`Layout React component Renders correctly 1`] = `
<div
  className="layout">
  <div
    className="appbar">
    <header
      className="header">
      <div
        className="logo">
        <a
          className="textlink"
          href={undefined}
          onClick={[Function]}
          style={Object {}}
          target={undefined}>
          <img
            alt="Numenta Logo"
            className="image"
            onClick={undefined}
            src="filename.ext"
            title="Numenta" />
        </a>
      </div>
      <div
        className="search">
        <div
          className="search">
          <form
            acceptCharset="UTF-8"
            action={undefined}
            autoComplete="off"
            className="form"
            encType="multipart/form-data"
            id={undefined}
            method="post"
            name={undefined}
            onSubmit={[Function]}>
            <span
              className="label">
              <label
                className="formLabel"
                htmlFor="q">
                Search
              </label>
            </span>
            <span
              className="query">
              <input
                className="formInput large"
                id="q"
                name="q"
                onChange={[Function]}
                placeholder="Search..."
                type="search"
                value="" />
            </span>
            <button
              className="button light"
              disabled={false}
              onClick={[Function]}
              type="submit">
              <svg
                fill="currentColor"
                height="1em"
                preserveAspectRatio="xMidYMid meet"
                style={
                  Object {
                    "color": "inherit",
                    "verticalAlign": "middle",
                  }
                }
                viewBox="0 0 40 40"
                width="1em">
                <g>
                  <path
                    d="m27.2 18.6q0-4.2-2.9-7.1t-7.1-2.9-7 2.9-3 7.1 2.9 7 7.1 3 7.1-3 2.9-7z m11.4 18.5q0 1.2-0.8 2.1t-2 0.8q-1.2 0-2-0.8l-7.7-7.7q-4 2.8-8.9 2.8-3.2 0-6.1-1.3t-5-3.3-3.4-5-1.2-6.1 1.2-6.1 3.4-5.1 5-3.3 6.1-1.2 6.1 1.2 5 3.3 3.4 5.1 1.2 6.1q0 4.9-2.7 8.9l7.6 7.6q0.8 0.9 0.8 2z" />
                </g>
              </svg>
            </button>
          </form>
        </div>
      </div>
    </header>
  </div>
  <main
    className="main">
    <div>
      Site
    </div>
  </main>
  <div
    className="footbar">
    <footer
      className="footer">
      <span>
        © 
        2016
         
         
        <a
          className="textlink"
          href={undefined}
          onClick={[Function]}
          style={Object {}}
          target={undefined}>
          Numenta
        </a>
      </span>
      <span
        className="mark">
        <img
          alt="Numenta Logo Mark"
          className="image"
          onClick={undefined}
          src="filename.ext"
          title="Numenta" />
      </span>
      <span>
        <a
          className="textlink"
          href={undefined}
          onClick={[Function]}
          style={Object {}}
          target={undefined}>
          Terms
        </a>
        <span
          className="spacer">
          •
        </span>
        <a
          className="textlink"
          href={undefined}
          onClick={[Function]}
          style={Object {}}
          target={undefined}>
          Privacy
        </a>
        <span
          className="spacer">
          •
        </span>
        <a
          className="textlink"
          href={undefined}
          onClick={[Function]}
          style={Object {}}
          target={undefined}>
          Sitemap
        </a>
        <span
          className="spacer">
          •
        </span>
        <a
          className="textlink"
          href="https://github.com/numenta/numenta-web"
          onClick={[Function]}
          target={undefined}>
          Source
        </a>
      </span>
    </footer>
  </div>
</div>
`;
